// Jest Snapshot v1, https://goo.gl/fbAQLP

exports[`Button test snapshot 1`] = `
<DocumentFragment>
  <button>
    Button title
  </button>
</DocumentFragment>
`;
